
$ bash src/build_manuscript.sh
Rc files read:
  NONE
Latexmk: This is Latexmk, John Collins, 11 Dec. 2024. Version 4.86.
No existing .aux file, so I'll make a simple one, and require run of *latex.
Latexmk: applying rule 'pdflatex'...
Rule 'pdflatex':  Reasons for rerun
Category 'other':
  Rerun of 'pdflatex' forced or previously required:
    Reason or flag: 'Initial setup'

------------
Run number 1 of rule 'pdflatex'
------------
------------
Running 'pdflatex  -interaction=nonstopmode -halt-on-error -recorder  "main.tex"'
------------
This is pdfTeX, Version 3.141592653-2.6-1.40.26 (TeX Live 2025/dev/Debian) (preloaded format=pdflatex)
 restricted \write18 enabled.
entering extended mode
(./main.tex
LaTeX2e <2024-11-01> patch level 2
L3 programming layer <2025-01-18>
(/usr/share/texlive/texmf-dist/tex/latex/amscls/amsart.cls
Document Class: amsart 2020/05/29 v2.20.6
(/usr/share/texlive/texmf-dist/tex/latex/amsmath/amsmath.sty
For additional information on amsmath, use the `?' option.
(/usr/share/texlive/texmf-dist/tex/latex/amsmath/amstext.sty
(/usr/share/texlive/texmf-dist/tex/latex/amsmath/amsgen.sty))
(/usr/share/texlive/texmf-dist/tex/latex/amsmath/amsbsy.sty)
(/usr/share/texlive/texmf-dist/tex/latex/amsmath/amsopn.sty))
(/usr/share/texlive/texmf-dist/tex/latex/amsfonts/umsa.fd)
(/usr/share/texlive/texmf-dist/tex/latex/amsfonts/amsfonts.sty))
(/usr/share/texlive/texmf-dist/tex/latex/geometry/geometry.sty
(/usr/share/texlive/texmf-dist/tex/latex/graphics/keyval.sty)
(/usr/share/texlive/texmf-dist/tex/generic/iftex/ifvtex.sty
(/usr/share/texlive/texmf-dist/tex/generic/iftex/iftex.sty)))
(/usr/share/texlive/texmf-dist/tex/latex/amsfonts/amssymb.sty)
(/usr/share/texlive/texmf-dist/tex/latex/booktabs/booktabs.sty)
(/usr/share/texlive/texmf-dist/tex/latex/tools/array.sty)
(/usr/share/texlive/texmf-dist/tex/latex/microtype/microtype.sty
(/usr/share/texlive/texmf-dist/tex/latex/etoolbox/etoolbox.sty)
(/usr/share/texlive/texmf-dist/tex/latex/microtype/microtype-pdftex.def)
(/usr/share/texlive/texmf-dist/tex/latex/microtype/microtype.cfg))
(/usr/share/texlive/texmf-dist/tex/latex/hyperref/hyperref.sty
(/usr/share/texlive/texmf-dist/tex/latex/kvsetkeys/kvsetkeys.sty)
(/usr/share/texlive/texmf-dist/tex/generic/kvdefinekeys/kvdefinekeys.sty)
(/usr/share/texlive/texmf-dist/tex/generic/pdfescape/pdfescape.sty
(/usr/share/texlive/texmf-dist/tex/generic/ltxcmds/ltxcmds.sty)
(/usr/share/texlive/texmf-dist/tex/generic/pdftexcmds/pdftexcmds.sty
(/usr/share/texlive/texmf-dist/tex/generic/infwarerr/infwarerr.sty)))
(/usr/share/texlive/texmf-dist/tex/latex/hycolor/hycolor.sty)
(/usr/share/texlive/texmf-dist/tex/latex/hyperref/nameref.sty
(/usr/share/texlive/texmf-dist/tex/latex/refcount/refcount.sty)
(/usr/share/texlive/texmf-dist/tex/generic/gettitlestring/gettitlestring.sty
(/usr/share/texlive/texmf-dist/tex/latex/kvoptions/kvoptions.sty)))
(/usr/share/texlive/texmf-dist/tex/generic/stringenc/stringenc.sty)
(/usr/share/texlive/texmf-dist/tex/latex/hyperref/pd1enc.def)
(/usr/share/texlive/texmf-dist/tex/generic/intcalc/intcalc.sty)
(/usr/share/texlive/texmf-dist/tex/latex/hyperref/puenc.def)
(/usr/share/texlive/texmf-dist/tex/latex/url/url.sty)
(/usr/share/texlive/texmf-dist/tex/generic/bitset/bitset.sty
(/usr/share/texlive/texmf-dist/tex/generic/bigintcalc/bigintcalc.sty))
(/usr/share/texlive/texmf-dist/tex/latex/base/atbegshi-ltx.sty))
(/usr/share/texlive/texmf-dist/tex/latex/hyperref/hpdftex.def
(/usr/share/texlive/texmf-dist/tex/latex/base/atveryend-ltx.sty)
(/usr/share/texlive/texmf-dist/tex/latex/rerunfilecheck/rerunfilecheck.sty
(/usr/share/texlive/texmf-dist/tex/generic/uniquecounter/uniquecounter.sty)))
(/usr/share/texlive/texmf-dist/tex/latex/oberdiek/aliascnt.sty)
(/usr/share/texlive/texmf-dist/tex/latex/cleveref/cleveref.sty)
(/usr/share/texlive/texmf-dist/tex/latex/xcolor/xcolor.sty
(/usr/share/texlive/texmf-dist/tex/latex/graphics-cfg/color.cfg)
(/usr/share/texlive/texmf-dist/tex/latex/graphics-def/pdftex.def)
(/usr/share/texlive/texmf-dist/tex/latex/graphics/mathcolor.ltx))
(/usr/share/texlive/texmf-dist/tex/latex/l3backend/l3backend-pdftex.def)
(./main.aux) (/usr/share/texlive/texmf-dist/tex/latex/amsfonts/umsa.fd)
(/usr/share/texlive/texmf-dist/tex/latex/amsfonts/umsb.fd)
*geometry* driver: auto-detecting
*geometry* detected driver: pdftex
(/usr/share/texlive/texmf-dist/tex/latex/microtype/mt-cmr.cfg)
(/usr/share/texlive/texmf-dist/tex/context/base/mkii/supp-pdf.mkii
[Loading MPS to PDF converter (version 2006.09.02).]
) (/usr/share/texlive/texmf-dist/tex/latex/microtype/mt-msa.cfg)
(/usr/share/texlive/texmf-dist/tex/latex/microtype/mt-msb.cfg)
(/usr/share/texlive/texmf-dist/tex/latex/amsfonts/ueuf.fd)
(/usr/share/texlive/texmf-dist/tex/latex/microtype/mt-euf.cfg)

LaTeX Warning: Citation `Vatter2026' on page 1 undefined on input line 124.


LaTeX Warning: Citation `Pratt1973' on page 1 undefined on input line 128.


LaTeX Warning: Citation `RayWest2003' on page 1 undefined on input line 128.


LaTeX Warning: Citation `Vatter2026' on page 1 undefined on input line 132.


LaTeX Warning: Citation `OEIS' on page 1 undefined on input line 132.


LaTeX Warning: Citation `Stankova1994' on page 1 undefined on input line 132.


LaTeX Warning: Citation `Stankova1996' on page 1 undefined on input line 132.


LaTeX Warning: Citation `StankovaWest2002' on page 1 undefined on input line 13
2.


LaTeX Warning: Citation `Vatter2010' on page 1 undefined on input line 132.


Overfull \vbox (2.42233pt too high) has occurred while \output is active
[1{/var/lib/texmf/fonts/map/pdftex/updmap/pdftex.map}]

LaTeX Warning: Reference `eq:RW' on page 2 undefined on input line 135.


LaTeX Warning: Reference `thm:F-intro' on page 1 undefined on input line 139.


LaTeX Warning: Reference `thm:G-intro' on page 1 undefined on input line 139.


LaTeX Warning: Reference `sec:questions' on page 1 undefined on input line 139.



LaTeX Warning: Reference `sec:thmA' on page 1 undefined on input line 171.


LaTeX Warning: Reference `sec:delgraph' on page 1 undefined on input line 171.


[2]

LaTeX Warning: Reference `def:return' on page 1 undefined on input line 173.


LaTeX Warning: Reference `thm:catalogue' on page 1 undefined on input line 176.



LaTeX Warning: Reference `thm:F-intro' on page 1 undefined on input line 179.


LaTeX Warning: Reference `sec:interval' on page 1 undefined on input line 179.


LaTeX Warning: Reference `thm:boxes' on page 1 undefined on input line 184.


LaTeX Warning: Reference `thm:layered' on page 1 undefined on input line 188.


LaTeX Warning: Reference `thm:separated' on page 1 undefined on input line 188.



LaTeX Warning: Reference `thm:C-intro' on page 1 undefined on input line 188.


LaTeX Warning: Reference `sec:S8' on page 1 undefined on input line 198.


[3]

LaTeX Warning: Reference `prop:chi2' on page 1 undefined on input line 218.


LaTeX Warning: Reference `thm:pratt' on page 1 undefined on input line 218.


LaTeX Warning: Reference `eq:gkC' on page 4 undefined on input line 218.


LaTeX Warning: Reference `thm:B-intro' on page 1 undefined on input line 218.


LaTeX Warning: Reference `thm:k34' on page 1 undefined on input line 218.


LaTeX Warning: Reference `prop:k5' on page 1 undefined on input line 218.


LaTeX Warning: Citation `Homberger2012' on page 4 undefined on input line 238.


LaTeX Warning: Citation `Pratt1973' on page 4 undefined on input line 239.


LaTeX Warning: Reference `sec:prelim' on page 1 undefined on input line 240.


LaTeX Warning: Citation `RayWest2003' on page 4 undefined on input line 241.


LaTeX Warning: Reference `thm:RW' on page 1 undefined on input line 241.


LaTeX Warning: Citation `BWX2007' on page 4 undefined on input line 242.


LaTeX Warning: Citation `StankovaWest2002' on page 4 undefined on input line 24
3.


LaTeX Warning: Citation `Schensted1961' on page 4 undefined on input line 244.


LaTeX Warning: Citation `FRT1954' on page 4 undefined on input line 244.


LaTeX Warning: Citation `BOO2000' on page 4 undefined on input line 246.


LaTeX Warning: Citation `Johansson2001' on page 4 undefined on input line 246.


LaTeX Warning: Citation `BHV2008' on page 4 undefined on input line 247.


LaTeX Warning: Reference `thm:E-intro' on page 1 undefined on input line 247.


LaTeX Warning: Reference `sec:S8' on page 1 undefined on input line 248.


LaTeX Warning: Reference `prop:k5' on page 1 undefined on input line 249.


LaTeX Warning: Reference `thm:k34' on page 1 undefined on input line 249.


LaTeX Warning: Reference `thm:F-intro' on page 1 undefined on input line 250.


LaTeX Warning: Reference `thm:B-intro' on page 1 undefined on input line 250.


LaTeX Warning: Reference `sec:prelim' on page 1 undefined on input line 254.


LaTeX Warning: Reference `sec:cluster' on page 1 undefined on input line 254.


LaTeX Warning: Reference `thm:C-intro' on page 1 undefined on input line 254.


LaTeX Warning: Reference `sec:delgraph' on page 1 undefined on input line 254.


LaTeX Warning: Reference `sec:thmA' on page 1 undefined on input line 254.


LaTeX Warning: Reference `thm:B-intro' on page 1 undefined on input line 254.


LaTeX Warning: Reference `sec:interval' on page 1 undefined on input line 254.


LaTeX Warning: Reference `sec:codim3' on page 1 undefined on input line 254.


LaTeX Warning: Reference `thm:G-intro' on page 1 undefined on input line 254.


LaTeX Warning: Reference `app:layered' on page 1 undefined on input line 254.


LaTeX Warning: Reference `sec:S8' on page 1 undefined on input line 254.


LaTeX Warning: Reference `thm:E-intro' on page 1 undefined on input line 254.


LaTeX Warning: Reference `sec:higher' on page 1 undefined on input line 254.


LaTeX Warning: Reference `sec:monotone' on page 1 undefined on input line 254.


LaTeX Warning: Reference `thm:D-intro' on page 1 undefined on input line 254.


LaTeX Warning: Reference `sec:questions' on page 1 undefined on input line 254.



[4]

LaTeX Warning: Citation `Homberger2012' on page 5 undefined on input line 264.


LaTeX Warning: Citation `Pratt1973' on page 5 undefined on input line 265.


LaTeX Warning: Citation `Pratt1973' on page 5 undefined on input line 276.


LaTeX Warning: Reference `lem:run' on page 1 undefined on input line 281.


[5]

LaTeX Warning: Reference `sec:delgraph' on page 1 undefined on input line 284.


LaTeX Warning: Reference `eq:cw' on page 6 undefined on input line 300.


LaTeX Warning: Reference `eq:clusterexp' on page 6 undefined on input line 303.



LaTeX Warning: Reference `eq:mobius' on page 6 undefined on input line 307.


LaTeX Warning: Reference `eq:clusterexp' on page 6 undefined on input line 307.



LaTeX Warning: Reference `thm:pratt' on page 1 undefined on input line 315.


LaTeX Warning: Reference `eq:clusterexp' on page 6 undefined on input line 315.



LaTeX Warning: Reference `sec:thmA' on page 1 undefined on input line 318.


LaTeX Warning: Reference `sec:delgraph' on page 1 undefined on input line 318.


LaTeX Warning: Reference `prop:chi2' on page 1 undefined on input line 318.


LaTeX Warning: Reference `prop:chi2' on page 1 undefined on input line 318.


LaTeX Warning: Reference `eq:clusterexp' on page 6 undefined on input line 318.



LaTeX Warning: Reference `prop:firstclusters' on page 1 undefined on input line
 318.


LaTeX Warning: Reference `eq:clusterexp' on page 6 undefined on input line 324.



[6]

LaTeX Warning: Reference `sec:monotone' on page 1 undefined on input line 330.


LaTeX Warning: Reference `eq:egf' on page 7 undefined on input line 330.


LaTeX Warning: Citation `GouldenJackson1979' on page 7 undefined on input line 
333.


LaTeX Warning: Reference `sec:higher' on page 1 undefined on input line 342.


LaTeX Warning: Reference `eq:Ck' on page 7 undefined on input line 345.


LaTeX Warning: Reference `eq:gkC' on page 7 undefined on input line 345.


LaTeX Warning: Reference `thm:cluster' on page 1 undefined on input line 349.


LaTeX Warning: Reference `eq:gkC' on page 7 undefined on input line 353.


LaTeX Warning: Reference `thm:C-intro' on page 1 undefined on input line 356.


LaTeX Warning: Reference `prop:firstclusters' on page 1 undefined on input line
 356.


LaTeX Warning: Reference `prop:weights' on page 1 undefined on input line 356.


LaTeX Warning: Reference `lem:run' on page 1 undefined on input line 368.


[7]

LaTeX Warning: Reference `lem:run' on page 1 undefined on input line 375.


LaTeX Warning: Reference `lem:twins' on page 1 undefined on input line 383.


LaTeX Warning: Reference `lem:Rx' on page 1 undefined on input line 406.


LaTeX Warning: Reference `lem:Rx' on page 1 undefined on input line 408.


[8]

LaTeX Warning: Reference `lem:Rx' on page 1 undefined on input line 412.


LaTeX Warning: Reference `lem:twinsG' on page 1 undefined on input line 416.


LaTeX Warning: Reference `lem:leading' on page 1 undefined on input line 429.


LaTeX Warning: Reference `thm:B-intro' on page 1 undefined on input line 432.


LaTeX Warning: Reference `thm:pratt' on page 1 undefined on input line 439.


LaTeX Warning: Reference `eq:b1' on page 9 undefined on input line 439.


LaTeX Warning: Reference `eq:ts' on page 9 undefined on input line 439.


[9]

LaTeX Warning: Reference `eq:jB' on page 10 undefined on input line 447.


LaTeX Warning: Reference `thm:A' on page 1 undefined on input line 451.


LaTeX Warning: Reference `cor:j' on page 1 undefined on input line 454.


LaTeX Warning: Reference `eq:RW' on page 10 undefined on input line 454.


LaTeX Warning: Reference `sec:interval' on page 1 undefined on input line 454.


LaTeX Warning: Citation `RayWest2003' on page 10 undefined on input line 454.


LaTeX Warning: Reference `thm:A' on page 1 undefined on input line 457.


LaTeX Warning: Reference `lem:Rx' on page 1 undefined on input line 457.


LaTeX Warning: Citation `RayWest2003' on page 10 undefined on input line 463.


LaTeX Warning: Reference `thm:A' on page 1 undefined on input line 464.


LaTeX Warning: Reference `eq:b1' on page 10 undefined on input line 468.


LaTeX Warning: Reference `lem:leading' on page 1 undefined on input line 468.


LaTeX Warning: Reference `cor:j' on page 1 undefined on input line 473.


LaTeX Warning: Reference `thm:catalogue' on page 1 undefined on input line 473.



LaTeX Warning: Reference `thm:interval' on page 1 undefined on input line 473.


[10]

LaTeX Warning: Citation `RayWest2003' on page 11 undefined on input line 510.


LaTeX Warning: Citation `RayWest2003' on page 11 undefined on input line 523.


[11{/usr/share/texmf/fonts/enc/dvips/cm-super/cm-super-ts1.enc}]

LaTeX Warning: Citation `RayWest2003' on page 12 undefined on input line 529.


LaTeX Warning: Reference `thm:RW' on page 1 undefined on input line 537.


LaTeX Warning: Reference `eq:typeC' on page 12 undefined on input line 538.


LaTeX Warning: Reference `sec:boundary' on page 1 undefined on input line 545.


LaTeX Warning: Reference `thm:catalogue' on page 1 undefined on input line 546.



LaTeX Warning: Reference `thm:interval' on page 1 undefined on input line 546.


LaTeX Warning: Reference `sec:poisson' on page 1 undefined on input line 548.


LaTeX Warning: Reference `sec:deficit' on page 1 undefined on input line 548.


LaTeX Warning: Reference `cor:j' on page 1 undefined on input line 549.


LaTeX Warning: Reference `sec:questions' on page 1 undefined on input line 551.



LaTeX Warning: Reference `thm:interval' on page 1 undefined on input line 553.


LaTeX Warning: Reference `thm:RW' on page 1 undefined on input line 554.


LaTeX Warning: Reference `eq:interval' on page 12 undefined on input line 554.


LaTeX Warning: Reference `eq:typeC' on page 12 undefined on input line 556.


LaTeX Warning: Reference `eq:typeC' on page 12 undefined on input line 558.


[12]

LaTeX Warning: Reference `eq:interval' on page 13 undefined on input line 562.


LaTeX Warning: Reference `sec:S8' on page 1 undefined on input line 566.


[13]

LaTeX Warning: Reference `lem:paths' on page 1 undefined on input line 597.


LaTeX Warning: Reference `eq:Pchar' on page 14 undefined on input line 601.


LaTeX Warning: Reference `lem:paths' on page 1 undefined on input line 601.


LaTeX Warning: Reference `eq:cat' on page 14 undefined on input line 601.


LaTeX Warning: Reference `eq:cat' on page 14 undefined on input line 601.


LaTeX Warning: Reference `lem:localize' on page 1 undefined on input line 601.


LaTeX Warning: Reference `eq:Pchar' on page 14 undefined on input line 601.


[14]

LaTeX Warning: Reference `eq:cat' on page 15 undefined on input line 617.


LaTeX Warning: Reference `eq:mass' on page 15 undefined on input line 617.


LaTeX Warning: Reference `eq:interval' on page 15 undefined on input line 617.


LaTeX Warning: Reference `thm:interval' on page 1 undefined on input line 621.


LaTeX Warning: Reference `sec:S8' on page 1 undefined on input line 621.


LaTeX Warning: Reference `cor:j' on page 1 undefined on input line 621.


LaTeX Warning: Reference `thm:RW' on page 1 undefined on input line 621.


LaTeX Warning: Reference `eq:interval' on page 15 undefined on input line 641.


LaTeX Warning: Reference `eq:Pchar' on page 15 undefined on input line 641.


LaTeX Warning: Reference `lem:paths' on page 1 undefined on input line 641.


LaTeX Warning: Reference `eq:sumlaw' on page 15 undefined on input line 641.


LaTeX Warning: Reference `eq:sumlaw' on page 15 undefined on input line 644.


[15]

LaTeX Warning: Reference `eq:Pchar' on page 16 undefined on input line 659.


LaTeX Warning: Reference `thm:catalogue' on page 1 undefined on input line 659.



LaTeX Warning: Citation `BHV2008' on page 16 undefined on input line 667.


LaTeX Warning: Reference `eq:sumlaw' on page 16 undefined on input line 667.


LaTeX Warning: Reference `lem:simple' on page 1 undefined on input line 667.


LaTeX Warning: Reference `cor:double' on page 1 undefined on input line 667.


LaTeX Warning: Reference `eq:interval' on page 16 undefined on input line 671.


LaTeX Warning: Reference `cor:j' on page 1 undefined on input line 671.


LaTeX Warning: Reference `eq:sumlaw' on page 16 undefined on input line 671.


LaTeX Warning: Reference `thm:extremal' on page 1 undefined on input line 683.


LaTeX Warning: Reference `cor:double' on page 1 undefined on input line 683.


[16]

LaTeX Warning: Reference `thm:extremal' on page 1 undefined on input line 686.


LaTeX Warning: Reference `sec:S8' on page 1 undefined on input line 686.


LaTeX Warning: Reference `eq:mass' on page 17 undefined on input line 686.


LaTeX Warning: Citation `Wolfowitz1944' on page 17 undefined on input line 695.



LaTeX Warning: Citation `Kaplansky1945' on page 17 undefined on input line 695.



LaTeX Warning: Reference `eq:interval' on page 17 undefined on input line 699.


LaTeX Warning: Reference `eq:ER' on page 17 undefined on input line 699.


LaTeX Warning: Reference `eq:mass' on page 17 undefined on input line 699.


LaTeX Warning: Reference `cor:rl' on page 1 undefined on input line 699.


LaTeX Warning: Citation `Wolfowitz1944' on page 17 undefined on input line 702.



LaTeX Warning: Citation `Kaplansky1945' on page 17 undefined on input line 702.



LaTeX Warning: Reference `eq:g3cluster' on page 17 undefined on input line 712.



LaTeX Warning: Reference `thm:universal' on page 1 undefined on input line 712.



LaTeX Warning: Reference `thm:k34' on page 1 undefined on input line 717.


LaTeX Warning: Reference `thm:k34' on page 1 undefined on input line 717.


LaTeX Warning: Reference `prop:weights' on page 1 undefined on input line 718.


LaTeX Warning: Reference `thm:interval' on page 1 undefined on input line 718.


LaTeX Warning: Reference `thm:k34' on page 1 undefined on input line 718.


LaTeX Warning: Reference `thm:boxes' on page 1 undefined on input line 718.


LaTeX Warning: Reference `thm:layered' on page 1 undefined on input line 718.


LaTeX Warning: Reference `thm:separated' on page 1 undefined on input line 718.



[17]

LaTeX Warning: Reference `eq:boxes' on page 18 undefined on input line 752.


LaTeX Warning: Reference `eq:earlier' on page 18 undefined on input line 754.


LaTeX Warning: Reference `eq:keep' on page 18 undefined on input line 754.


[18]

LaTeX Warning: Reference `eq:boxes' on page 19 undefined on input line 757.


LaTeX Warning: Reference `def:boxes' on page 1 undefined on input line 763.


LaTeX Warning: Reference `sec:S8' on page 1 undefined on input line 772.


LaTeX Warning: Citation `ESZ2015' on page 19 undefined on input line 785.


LaTeX Warning: Reference `cor:LIS' on page 1 undefined on input line 786.


LaTeX Warning: Reference `app:layered' on page 1 undefined on input line 790.


LaTeX Warning: Reference `thm:extremal' on page 1 undefined on input line 801.


LaTeX Warning: Reference `eq:layered' on page 19 undefined on input line 801.


LaTeX Warning: Reference `eq:BWX' on page 19 undefined on input line 801.


LaTeX Warning: Reference `eq:BWX' on page 19 undefined on input line 801.


LaTeX Warning: Reference `eq:BWX' on page 19 undefined on input line 801.


[19]

LaTeX Warning: Reference `thm:E-intro' on page 1 undefined on input line 804.


LaTeX Warning: Reference `sec:S8' on page 1 undefined on input line 804.


LaTeX Warning: Citation `BWX2007' on page 20 undefined on input line 809.


LaTeX Warning: Citation `StankovaWest2002' on page 20 undefined on input line 8
13.


LaTeX Warning: Reference `eq:BWX' on page 20 undefined on input line 817.


LaTeX Warning: Citation `BabsonWest2000' on page 20 undefined on input line 818
.


LaTeX Warning: Citation `Krattenthaler2006' on page 20 undefined on input line 
818.


LaTeX Warning: Reference `eq:BWX' on page 20 undefined on input line 820.


LaTeX Warning: Citation `BloomSaracino2014' on page 20 undefined on input line 
820.


LaTeX Warning: Reference `eq:SW' on page 20 undefined on input line 823.


LaTeX Warning: Citation `Vatter2026' on page 20 undefined on input line 823.


LaTeX Warning: Reference `eq:BWX' on page 20 undefined on input line 823.


LaTeX Warning: Reference `eq:SW' on page 20 undefined on input line 823.


LaTeX Warning: Reference `eq:BWX' on page 20 undefined on input line 823.


LaTeX Warning: Reference `eq:SW' on page 20 undefined on input line 823.


LaTeX Warning: Citation `Stankova1994' on page 20 undefined on input line 823.


LaTeX Warning: Reference `eq:BWX' on page 20 undefined on input line 832.


LaTeX Warning: Reference `eq:SW' on page 20 undefined on input line 832.


LaTeX Warning: Citation `Vatter2026' on page 20 undefined on input line 832.


LaTeX Warning: Reference `thm:monoclass' on page 1 undefined on input line 835.



LaTeX Warning: Reference `thm:cluster' on page 1 undefined on input line 838.


[20]

LaTeX Warning: Reference `eq:cw' on page 21 undefined on input line 842.


LaTeX Warning: Reference `thm:cluster' on page 1 undefined on input line 842.


LaTeX Warning: Reference `eq:clusterexp' on page 21 undefined on input line 844
.


LaTeX Warning: Reference `thm:E-intro' on page 1 undefined on input line 854.


LaTeX Warning: Reference `prop:classes' on page 1 undefined on input line 855.


LaTeX Warning: Reference `prop:separation' on page 1 undefined on input line 85
5.


LaTeX Warning: Reference `prop:separation' on page 1 undefined on input line 85
5.


LaTeX Warning: Reference `prop:separation' on page 1 undefined on input line 85
9.


LaTeX Warning: Reference `thm:bessel' on page 1 undefined on input line 862.


LaTeX Warning: Reference `eq:BWX' on page 21 undefined on input line 864.


LaTeX Warning: Reference `eq:SW' on page 21 undefined on input line 864.


[21]

LaTeX Warning: Reference `tab:hardest' on page 1 undefined on input line 866.


LaTeX Warning: Reference `tab:hardest' on page 1 undefined on input line 866.


LaTeX Warning: Reference `prop:separation' on page 1 undefined on input line 87
0.


LaTeX Warning: Reference `tab:hardest' on page 1 undefined on input line 872.


LaTeX Warning: Reference `eq:SW' on page 22 undefined on input line 896.


LaTeX Warning: Reference `eq:BWX' on page 22 undefined on input line 896.


LaTeX Warning: Reference `eq:BWX' on page 22 undefined on input line 896.


LaTeX Warning: Reference `eq:SW' on page 22 undefined on input line 896.


LaTeX Warning: Reference `thm:cluster' on page 1 undefined on input line 899.


LaTeX Warning: Reference `tab:cutoff' on page 1 undefined on input line 899.


[22]

LaTeX Warning: Reference `sec:universal' on page 1 undefined on input line 921.



LaTeX Warning: Reference `eq:chi' on page 23 undefined on input line 921.


[23]

LaTeX Warning: Reference `lem:run' on page 1 undefined on input line 933.


LaTeX Warning: Reference `eq:mobius' on page 24 undefined on input line 952.


LaTeX Warning: Reference `eq:chi' on page 24 undefined on input line 952.


LaTeX Warning: Reference `eq:cw' on page 24 undefined on input line 952.


LaTeX Warning: Reference `eq:cvsI' on page 24 undefined on input line 952.


LaTeX Warning: Reference `thm:universal' on page 1 undefined on input line 952.



LaTeX Warning: Reference `prop:firstclusters' on page 1 undefined on input line
 952.


LaTeX Warning: Reference `lem:Rx' on page 1 undefined on input line 965.


LaTeX Warning: Reference `def:cycles' on page 1 undefined on input line 965.


LaTeX Warning: Reference `lem:basis' on page 1 undefined on input line 965.


LaTeX Warning: Reference `lem:skeleton' on page 1 undefined on input line 967.


LaTeX Warning: Reference `lem:basis' on page 1 undefined on input line 967.


LaTeX Warning: Reference `eq:c2' on page 24 undefined on input line 967.


LaTeX Warning: Reference `eq:cvsI' on page 24 undefined on input line 967.


LaTeX Warning: Reference `lem:run' on page 1 undefined on input line 967.


[24]

LaTeX Warning: Reference `eq:c2' on page 25 undefined on input line 970.


LaTeX Warning: Reference `thm:A' on page 1 undefined on input line 970.


LaTeX Warning: Reference `prop:k5' on page 1 undefined on input line 973.


[25]

LaTeX Warning: Reference `eq:gkC' on page 26 undefined on input line 990.


LaTeX Warning: Citation `Homberger2012' on page 26 undefined on input line 997.



LaTeX Warning: Citation `BHT2018' on page 26 undefined on input line 999.


LaTeX Warning: Reference `thm:separated' on page 1 undefined on input line 1000
.


LaTeX Warning: Reference `thm:boxes' on page 1 undefined on input line 1005.


LaTeX Warning: Reference `thm:boxes' on page 1 undefined on input line 1005.


[26]

LaTeX Warning: Reference `lem:skeleton' on page 1 undefined on input line 1018.



LaTeX Warning: Reference `eq:g3classes' on page 27 undefined on input line 1018
.


LaTeX Warning: Reference `eq:gkC' on page 27 undefined on input line 1018.


LaTeX Warning: Reference `thm:k34' on page 1 undefined on input line 1021.


LaTeX Warning: Reference `prop:chi2' on page 1 undefined on input line 1021.


LaTeX Warning: Reference `thm:separated' on page 1 undefined on input line 1021
.


LaTeX Warning: Reference `prop:chi2' on page 1 undefined on input line 1035.


LaTeX Warning: Reference `thm:k34' on page 1 undefined on input line 1035.


LaTeX Warning: Reference `sec:codim3' on page 1 undefined on input line 1035.


LaTeX Warning: Reference `eq:egf' on page 27 undefined on input line 1039.


LaTeX Warning: Citation `Schensted1961' on page 27 undefined on input line 1039
.


LaTeX Warning: Citation `FRT1954' on page 27 undefined on input line 1039.


LaTeX Warning: Reference `eq:egf' on page 27 undefined on input line 1039.


LaTeX Warning: Citation `BOO2000' on page 27 undefined on input line 1043.


LaTeX Warning: Citation `Johansson2001' on page 27 undefined on input line 1043
.


[27]

LaTeX Warning: Citation `BOO2000' on page 28 undefined on input line 1047.


LaTeX Warning: Citation `Johansson2001' on page 28 undefined on input line 1050
.


LaTeX Warning: Reference `eq:plancherel' on page 28 undefined on input line 105
4.


LaTeX Warning: Reference `eq:fredholm' on page 28 undefined on input line 1054.



LaTeX Warning: Citation `Gessel1990' on page 28 undefined on input line 1054.


LaTeX Warning: Reference `eq:egf' on page 28 undefined on input line 1054.


LaTeX Warning: Reference `eq:fredholm' on page 28 undefined on input line 1057.



LaTeX Warning: Reference `eq:fredholm' on page 28 undefined on input line 1061.



LaTeX Warning: Reference `prop:rectangle' on page 1 undefined on input line 106
3.


LaTeX Warning: Reference `eq:plancherel' on page 28 undefined on input line 106
8.


LaTeX Warning: Reference `eq:fredholm' on page 28 undefined on input line 1068.



LaTeX Warning: Reference `prop:rectangle' on page 1 undefined on input line 108
1.


[28]

LaTeX Warning: Reference `thm:bessel' on page 1 undefined on input line 1099.


LaTeX Warning: Reference `eq:clusterexp' on page 29 undefined on input line 109
9.


LaTeX Warning: Reference `eq:M3' on page 29 undefined on input line 1103.


LaTeX Warning: Citation `ESZ2015' on page 29 undefined on input line 1105.


LaTeX Warning: Reference `cor:LIS' on page 1 undefined on input line 1109.


LaTeX Warning: Reference `thm:bessel' on page 1 undefined on input line 1111.


LaTeX Warning: Citation `ESZ2015' on page 29 undefined on input line 1116.


LaTeX Warning: Reference `eq:fredholm' on page 29 undefined on input line 1121.



LaTeX Warning: Reference `eq:fredholm' on page 29 undefined on input line 1148.



LaTeX Warning: Reference `prop:rectangle' on page 1 undefined on input line 116
0.


[29]

LaTeX Warning: Reference `thm:bessel' on page 1 undefined on input line 1185.


LaTeX Warning: Reference `eq:fredholm' on page 30 undefined on input line 1190.



LaTeX Warning: Reference `eq:clusterexp' on page 30 undefined on input line 119
0.


LaTeX Warning: Reference `cor:bessel-next' on page 1 undefined on input line 11
90.


LaTeX Warning: Reference `prop:rectangle' on page 1 undefined on input line 119
4.


LaTeX Warning: Reference `thm:k34' on page 1 undefined on input line 1201.


LaTeX Warning: Reference `prop:chi2' on page 1 undefined on input line 1201.


LaTeX Warning: Reference `thm:separated' on page 1 undefined on input line 1201
.


LaTeX Warning: Reference `prop:k5' on page 1 undefined on input line 1201.


LaTeX Warning: Reference `thm:interval' on page 1 undefined on input line 1202.



LaTeX Warning: Reference `cor:j' on page 1 undefined on input line 1202.


LaTeX Warning: Citation `RayWest2003' on page 30 undefined on input line 1202.


LaTeX Warning: Reference `thm:interval' on page 1 undefined on input line 1209.



LaTeX Warning: Reference `thm:boxes' on page 1 undefined on input line 1209.


LaTeX Warning: Reference `thm:layered' on page 1 undefined on input line 1212.


LaTeX Warning: Reference `eq:layered' on page 30 undefined on input line 1218.


[30]

LaTeX Warning: Reference `eq:cornerid' on page 31 undefined on input line 1231.



LaTeX Warning: Reference `lem:twostates' on page 1 undefined on input line 1254
.


LaTeX Warning: Reference `lem:corner' on page 1 undefined on input line 1254.


LaTeX Warning: Reference `thm:pratt' on page 1 undefined on input line 1267.


LaTeX Warning: Reference `lem:run' on page 1 undefined on input line 1269.


[31]

LaTeX Warning: Reference `lem:run' on page 1 undefined on input line 1273.


LaTeX Warning: Reference `lem:run' on page 1 undefined on input line 1273.


LaTeX Warning: Reference `eq:Jsum' on page 32 undefined on input line 1275.


LaTeX Warning: Reference `eq:rec2' on page 32 undefined on input line 1281.


LaTeX Warning: Reference `thm:boundary' on page 1 undefined on input line 1281.



[32]

LaTeX Warning: Reference `thm:boundary' on page 1 undefined on input line 1299.



LaTeX Warning: Reference `thm:pratt' on page 1 undefined on input line 1299.


LaTeX Warning: Reference `lem:run' on page 1 undefined on input line 1307.


LaTeX Warning: Reference `lem:twostates' on page 1 undefined on input line 1309
.


LaTeX Warning: Reference `lem:C' on page 1 undefined on input line 1309.


LaTeX Warning: Reference `eq:Jsum' on page 33 undefined on input line 1317.


LaTeX Warning: Reference `lem:f3' on page 1 undefined on input line 1317.


[33]

LaTeX Warning: Reference `lem:table' on page 1 undefined on input line 1325.


LaTeX Warning: Reference `lem:J4' on page 1 undefined on input line 1329.


LaTeX Warning: Reference `eq:rec3' on page 34 undefined on input line 1329.


LaTeX Warning: Reference `eq:rec3final' on page 34 undefined on input line 1333
.


LaTeX Warning: Reference `eq:BWX' on page 34 undefined on input line 1333.


LaTeX Warning: Reference `eq:layered' on page 34 undefined on input line 1333.


LaTeX Warning: Reference `lem:J4' on page 1 undefined on input line 1336.


LaTeX Warning: Reference `lem:table' on page 1 undefined on input line 1336.


LaTeX Warning: Reference `lem:f3' on page 1 undefined on input line 1336.


LaTeX Warning: Reference `lem:C' on page 1 undefined on input line 1336.


LaTeX Warning: Reference `eq:rec3final' on page 34 undefined on input line 1336
.


LaTeX Warning: Reference `eq:layered' on page 34 undefined on input line 1336.


LaTeX Warning: Citation `Vatter2026' on page 34 undefined on input line 1355.


LaTeX Warning: Reference `thm:A' on page 1 undefined on input line 1355.


LaTeX Warning: Reference `prop:chi2' on page 1 undefined on input line 1355.


LaTeX Warning: Reference `prop:weights' on page 1 undefined on input line 1355.



LaTeX Warning: Reference `thm:bessel' on page 1 undefined on input line 1355.


LaTeX Warning: Reference `cor:bessel-next' on page 1 undefined on input line 13
58.


LaTeX Warning: Reference `prop:rectangle' on page 1 undefined on input line 135
8.


[34]
[35] (./main.aux)

LaTeX Warning: There were undefined references.


LaTeX Warning: Label(s) may have changed. Rerun to get cross-references right.


Package rerunfilecheck Warning: File `main.out' has changed.
(rerunfilecheck)                Rerun to get outlines right
(rerunfilecheck)                or use package `bookmark'.

 )
(see the transcript file for additional information)</usr/share/texlive/texmf-d
ist/fonts/type1/public/amsfonts/cm/cmbx10.pfb></usr/share/texlive/texmf-dist/fo
nts/type1/public/amsfonts/cm/cmbx9.pfb></usr/share/texlive/texmf-dist/fonts/typ
e1/public/amsfonts/cm/cmcsc10.pfb></usr/share/texlive/texmf-dist/fonts/type1/pu
blic/amsfonts/cm/cmex10.pfb></usr/share/texlive/texmf-dist/fonts/type1/public/a
msfonts/cm/cmmi10.pfb></usr/share/texlive/texmf-dist/fonts/type1/public/amsfont
s/cm/cmmi6.pfb></usr/share/texlive/texmf-dist/fonts/type1/public/amsfonts/cm/cm
mi8.pfb></usr/share/texlive/texmf-dist/fonts/type1/public/amsfonts/cm/cmmi9.pfb
></usr/share/texlive/texmf-dist/fonts/type1/public/amsfonts/cm/cmmib10.pfb></us
r/share/texlive/texmf-dist/fonts/type1/public/amsfonts/cm/cmr10.pfb></usr/share
/texlive/texmf-dist/fonts/type1/public/amsfonts/cm/cmr6.pfb></usr/share/texlive
/texmf-dist/fonts/type1/public/amsfonts/cm/cmr7.pfb></usr/share/texlive/texmf-d
ist/fonts/type1/public/amsfonts/cm/cmr8.pfb></usr/share/texlive/texmf-dist/font
s/type1/public/amsfonts/cm/cmr9.pfb></usr/share/texlive/texmf-dist/fonts/type1/
public/amsfonts/cm/cmsy10.pfb></usr/share/texlive/texmf-dist/fonts/type1/public
/amsfonts/cm/cmsy6.pfb></usr/share/texlive/texmf-dist/fonts/type1/public/amsfon
ts/cm/cmsy8.pfb></usr/share/texlive/texmf-dist/fonts/type1/public/amsfonts/cm/c
msy9.pfb></usr/share/texlive/texmf-dist/fonts/type1/public/amsfonts/cm/cmti10.p
fb></usr/share/texlive/texmf-dist/fonts/type1/public/amsfonts/cm/cmti9.pfb></us
r/share/texlive/texmf-dist/fonts/type1/public/amsfonts/cm/cmtt10.pfb></usr/shar
e/texlive/texmf-dist/fonts/type1/public/amsfonts/cm/cmtt9.pfb></usr/share/texli
ve/texmf-dist/fonts/type1/public/amsfonts/euler/eufm10.pfb></usr/share/texlive/
texmf-dist/fonts/type1/public/amsfonts/symbols/msam10.pfb></usr/share/texlive/t
exmf-dist/fonts/type1/public/amsfonts/symbols/msbm10.pfb></usr/share/texmf/font
s/type1/public/cm-super/sfrm1095.pfb>
Output written on main.pdf (35 pages, 545943 bytes).
Transcript written on main.log.
Latexmk: Getting log file 'main.log'
Latexmk: Examining 'main.fls'
Latexmk: Examining 'main.log'
Latexmk: References changed.
Latexmk: References changed.
Latexmk: Log file says output to 'main.pdf'
Latexmk: applying rule 'pdflatex'...
Rule 'pdflatex':  Reasons for rerun
Changed files or newly in use/created:
  main.aux
  main.out

------------
Run number 2 of rule 'pdflatex'
------------
------------
Running 'pdflatex  -interaction=nonstopmode -halt-on-error -recorder  "main.tex"'
------------
This is pdfTeX, Version 3.141592653-2.6-1.40.26 (TeX Live 2025/dev/Debian) (preloaded format=pdflatex)
 restricted \write18 enabled.
entering extended mode
(./main.tex
LaTeX2e <2024-11-01> patch level 2
L3 programming layer <2025-01-18>
(/usr/share/texlive/texmf-dist/tex/latex/amscls/amsart.cls
Document Class: amsart 2020/05/29 v2.20.6
(/usr/share/texlive/texmf-dist/tex/latex/amsmath/amsmath.sty
For additional information on amsmath, use the `?' option.
(/usr/share/texlive/texmf-dist/tex/latex/amsmath/amstext.sty
(/usr/share/texlive/texmf-dist/tex/latex/amsmath/amsgen.sty))
(/usr/share/texlive/texmf-dist/tex/latex/amsmath/amsbsy.sty)
(/usr/share/texlive/texmf-dist/tex/latex/amsmath/amsopn.sty))
(/usr/share/texlive/texmf-dist/tex/latex/amsfonts/umsa.fd)
(/usr/share/texlive/texmf-dist/tex/latex/amsfonts/amsfonts.sty))
(/usr/share/texlive/texmf-dist/tex/latex/geometry/geometry.sty
(/usr/share/texlive/texmf-dist/tex/latex/graphics/keyval.sty)
(/usr/share/texlive/texmf-dist/tex/generic/iftex/ifvtex.sty
(/usr/share/texlive/texmf-dist/tex/generic/iftex/iftex.sty)))
(/usr/share/texlive/texmf-dist/tex/latex/amsfonts/amssymb.sty)
(/usr/share/texlive/texmf-dist/tex/latex/booktabs/booktabs.sty)
(/usr/share/texlive/texmf-dist/tex/latex/tools/array.sty)
(/usr/share/texlive/texmf-dist/tex/latex/microtype/microtype.sty
(/usr/share/texlive/texmf-dist/tex/latex/etoolbox/etoolbox.sty)
(/usr/share/texlive/texmf-dist/tex/latex/microtype/microtype-pdftex.def)
(/usr/share/texlive/texmf-dist/tex/latex/microtype/microtype.cfg))
(/usr/share/texlive/texmf-dist/tex/latex/hyperref/hyperref.sty
(/usr/share/texlive/texmf-dist/tex/latex/kvsetkeys/kvsetkeys.sty)
(/usr/share/texlive/texmf-dist/tex/generic/kvdefinekeys/kvdefinekeys.sty)
(/usr/share/texlive/texmf-dist/tex/generic/pdfescape/pdfescape.sty
(/usr/share/texlive/texmf-dist/tex/generic/ltxcmds/ltxcmds.sty)
(/usr/share/texlive/texmf-dist/tex/generic/pdftexcmds/pdftexcmds.sty
(/usr/share/texlive/texmf-dist/tex/generic/infwarerr/infwarerr.sty)))
(/usr/share/texlive/texmf-dist/tex/latex/hycolor/hycolor.sty)
(/usr/share/texlive/texmf-dist/tex/latex/hyperref/nameref.sty
(/usr/share/texlive/texmf-dist/tex/latex/refcount/refcount.sty)
(/usr/share/texlive/texmf-dist/tex/generic/gettitlestring/gettitlestring.sty
(/usr/share/texlive/texmf-dist/tex/latex/kvoptions/kvoptions.sty)))
(/usr/share/texlive/texmf-dist/tex/generic/stringenc/stringenc.sty)
(/usr/share/texlive/texmf-dist/tex/latex/hyperref/pd1enc.def)
(/usr/share/texlive/texmf-dist/tex/generic/intcalc/intcalc.sty)
(/usr/share/texlive/texmf-dist/tex/latex/hyperref/puenc.def)
(/usr/share/texlive/texmf-dist/tex/latex/url/url.sty)
(/usr/share/texlive/texmf-dist/tex/generic/bitset/bitset.sty
(/usr/share/texlive/texmf-dist/tex/generic/bigintcalc/bigintcalc.sty))
(/usr/share/texlive/texmf-dist/tex/latex/base/atbegshi-ltx.sty))
(/usr/share/texlive/texmf-dist/tex/latex/hyperref/hpdftex.def
(/usr/share/texlive/texmf-dist/tex/latex/base/atveryend-ltx.sty)
(/usr/share/texlive/texmf-dist/tex/latex/rerunfilecheck/rerunfilecheck.sty
(/usr/share/texlive/texmf-dist/tex/generic/uniquecounter/uniquecounter.sty)))
(/usr/share/texlive/texmf-dist/tex/latex/oberdiek/aliascnt.sty)
(/usr/share/texlive/texmf-dist/tex/latex/cleveref/cleveref.sty)
(/usr/share/texlive/texmf-dist/tex/latex/xcolor/xcolor.sty
(/usr/share/texlive/texmf-dist/tex/latex/graphics-cfg/color.cfg)
(/usr/share/texlive/texmf-dist/tex/latex/graphics-def/pdftex.def)
(/usr/share/texlive/texmf-dist/tex/latex/graphics/mathcolor.ltx))
(/usr/share/texlive/texmf-dist/tex/latex/l3backend/l3backend-pdftex.def)
(./main.aux) (/usr/share/texlive/texmf-dist/tex/latex/amsfonts/umsa.fd)
(/usr/share/texlive/texmf-dist/tex/latex/amsfonts/umsb.fd)
*geometry* driver: auto-detecting
*geometry* detected driver: pdftex
(/usr/share/texlive/texmf-dist/tex/latex/microtype/mt-cmr.cfg) (./main.out)
(./main.out) (/usr/share/texlive/texmf-dist/tex/context/base/mkii/supp-pdf.mkii

[Loading MPS to PDF converter (version 2006.09.02).]
) (/usr/share/texlive/texmf-dist/tex/latex/microtype/mt-msa.cfg)
(/usr/share/texlive/texmf-dist/tex/latex/microtype/mt-msb.cfg)
(/usr/share/texlive/texmf-dist/tex/latex/amsfonts/ueuf.fd)
(/usr/share/texlive/texmf-dist/tex/latex/microtype/mt-euf.cfg)
Overfull \vbox (2.42233pt too high) has occurred while \output is active
[1{/var/lib/texmf/fonts/map/pdftex/updmap/pdftex.map}]
[2]
[3]
[4]
[5]
[6]
[7]
[8]
[9]
[10]
[11{/usr/share/texmf/fonts/enc/dvips/cm-super/cm-super-ts1.enc}]
[12]
[13]
[14]
[15]
[16]
[17]
[18]
[19]
[20]
[21]
[22]
[23]
[24]
[25]
[26]
[27]
[28]
[29]
[30]
[31]
Underfull \vbox (badness 1221) has occurred while \output is active
[32]
[33]
[34]
[35]
[36] (./main.aux)

LaTeX Warning: Label(s) may have changed. Rerun to get cross-references right.

 )
(see the transcript file for additional information)</usr/share/texlive/texmf-d
ist/fonts/type1/public/amsfonts/cm/cmbx10.pfb></usr/share/texlive/texmf-dist/fo
nts/type1/public/amsfonts/cm/cmbx9.pfb></usr/share/texlive/texmf-dist/fonts/typ
e1/public/amsfonts/cm/cmcsc10.pfb></usr/share/texlive/texmf-dist/fonts/type1/pu
blic/amsfonts/cm/cmex10.pfb></usr/share/texlive/texmf-dist/fonts/type1/public/a
msfonts/cm/cmmi10.pfb></usr/share/texlive/texmf-dist/fonts/type1/public/amsfont
s/cm/cmmi6.pfb></usr/share/texlive/texmf-dist/fonts/type1/public/amsfonts/cm/cm
mi8.pfb></usr/share/texlive/texmf-dist/fonts/type1/public/amsfonts/cm/cmmi9.pfb
></usr/share/texlive/texmf-dist/fonts/type1/public/amsfonts/cm/cmmib10.pfb></us
r/share/texlive/texmf-dist/fonts/type1/public/amsfonts/cm/cmr10.pfb></usr/share
/texlive/texmf-dist/fonts/type1/public/amsfonts/cm/cmr6.pfb></usr/share/texlive
/texmf-dist/fonts/type1/public/amsfonts/cm/cmr7.pfb></usr/share/texlive/texmf-d
ist/fonts/type1/public/amsfonts/cm/cmr8.pfb></usr/share/texlive/texmf-dist/font
s/type1/public/amsfonts/cm/cmr9.pfb></usr/share/texlive/texmf-dist/fonts/type1/
public/amsfonts/cm/cmsy10.pfb></usr/share/texlive/texmf-dist/fonts/type1/public
/amsfonts/cm/cmsy6.pfb></usr/share/texlive/texmf-dist/fonts/type1/public/amsfon
ts/cm/cmsy8.pfb></usr/share/texlive/texmf-dist/fonts/type1/public/amsfonts/cm/c
msy9.pfb></usr/share/texlive/texmf-dist/fonts/type1/public/amsfonts/cm/cmti10.p
fb></usr/share/texlive/texmf-dist/fonts/type1/public/amsfonts/cm/cmti9.pfb></us
r/share/texlive/texmf-dist/fonts/type1/public/amsfonts/cm/cmtt10.pfb></usr/shar
e/texlive/texmf-dist/fonts/type1/public/amsfonts/cm/cmtt9.pfb></usr/share/texli
ve/texmf-dist/fonts/type1/public/amsfonts/euler/eufm10.pfb></usr/share/texlive/
texmf-dist/fonts/type1/public/amsfonts/symbols/msam10.pfb></usr/share/texlive/t
exmf-dist/fonts/type1/public/amsfonts/symbols/msbm10.pfb></usr/share/texmf/font
s/type1/public/cm-super/sfrm1095.pfb>
Output written on main.pdf (36 pages, 564757 bytes).
Transcript written on main.log.
Latexmk: Getting log file 'main.log'
Latexmk: Examining 'main.fls'
Latexmk: Examining 'main.log'
Latexmk: References changed.
Latexmk: Log file says output to 'main.pdf'
Latexmk: applying rule 'pdflatex'...
Rule 'pdflatex':  Reasons for rerun
Changed files or newly in use/created:
  main.aux

------------
Run number 3 of rule 'pdflatex'
------------
------------
Running 'pdflatex  -interaction=nonstopmode -halt-on-error -recorder  "main.tex"'
------------
This is pdfTeX, Version 3.141592653-2.6-1.40.26 (TeX Live 2025/dev/Debian) (preloaded format=pdflatex)
 restricted \write18 enabled.
entering extended mode
(./main.tex
LaTeX2e <2024-11-01> patch level 2
L3 programming layer <2025-01-18>
(/usr/share/texlive/texmf-dist/tex/latex/amscls/amsart.cls
Document Class: amsart 2020/05/29 v2.20.6
(/usr/share/texlive/texmf-dist/tex/latex/amsmath/amsmath.sty
For additional information on amsmath, use the `?' option.
(/usr/share/texlive/texmf-dist/tex/latex/amsmath/amstext.sty
(/usr/share/texlive/texmf-dist/tex/latex/amsmath/amsgen.sty))
(/usr/share/texlive/texmf-dist/tex/latex/amsmath/amsbsy.sty)
(/usr/share/texlive/texmf-dist/tex/latex/amsmath/amsopn.sty))
(/usr/share/texlive/texmf-dist/tex/latex/amsfonts/umsa.fd)
(/usr/share/texlive/texmf-dist/tex/latex/amsfonts/amsfonts.sty))
(/usr/share/texlive/texmf-dist/tex/latex/geometry/geometry.sty
(/usr/share/texlive/texmf-dist/tex/latex/graphics/keyval.sty)
(/usr/share/texlive/texmf-dist/tex/generic/iftex/ifvtex.sty
(/usr/share/texlive/texmf-dist/tex/generic/iftex/iftex.sty)))
(/usr/share/texlive/texmf-dist/tex/latex/amsfonts/amssymb.sty)
(/usr/share/texlive/texmf-dist/tex/latex/booktabs/booktabs.sty)
(/usr/share/texlive/texmf-dist/tex/latex/tools/array.sty)
(/usr/share/texlive/texmf-dist/tex/latex/microtype/microtype.sty
(/usr/share/texlive/texmf-dist/tex/latex/etoolbox/etoolbox.sty)
(/usr/share/texlive/texmf-dist/tex/latex/microtype/microtype-pdftex.def)
(/usr/share/texlive/texmf-dist/tex/latex/microtype/microtype.cfg))
(/usr/share/texlive/texmf-dist/tex/latex/hyperref/hyperref.sty
(/usr/share/texlive/texmf-dist/tex/latex/kvsetkeys/kvsetkeys.sty)
(/usr/share/texlive/texmf-dist/tex/generic/kvdefinekeys/kvdefinekeys.sty)
(/usr/share/texlive/texmf-dist/tex/generic/pdfescape/pdfescape.sty
(/usr/share/texlive/texmf-dist/tex/generic/ltxcmds/ltxcmds.sty)
(/usr/share/texlive/texmf-dist/tex/generic/pdftexcmds/pdftexcmds.sty
(/usr/share/texlive/texmf-dist/tex/generic/infwarerr/infwarerr.sty)))
(/usr/share/texlive/texmf-dist/tex/latex/hycolor/hycolor.sty)
(/usr/share/texlive/texmf-dist/tex/latex/hyperref/nameref.sty
(/usr/share/texlive/texmf-dist/tex/latex/refcount/refcount.sty)
(/usr/share/texlive/texmf-dist/tex/generic/gettitlestring/gettitlestring.sty
(/usr/share/texlive/texmf-dist/tex/latex/kvoptions/kvoptions.sty)))
(/usr/share/texlive/texmf-dist/tex/generic/stringenc/stringenc.sty)
(/usr/share/texlive/texmf-dist/tex/latex/hyperref/pd1enc.def)
(/usr/share/texlive/texmf-dist/tex/generic/intcalc/intcalc.sty)
(/usr/share/texlive/texmf-dist/tex/latex/hyperref/puenc.def)
(/usr/share/texlive/texmf-dist/tex/latex/url/url.sty)
(/usr/share/texlive/texmf-dist/tex/generic/bitset/bitset.sty
(/usr/share/texlive/texmf-dist/tex/generic/bigintcalc/bigintcalc.sty))
(/usr/share/texlive/texmf-dist/tex/latex/base/atbegshi-ltx.sty))
(/usr/share/texlive/texmf-dist/tex/latex/hyperref/hpdftex.def
(/usr/share/texlive/texmf-dist/tex/latex/base/atveryend-ltx.sty)
(/usr/share/texlive/texmf-dist/tex/latex/rerunfilecheck/rerunfilecheck.sty
(/usr/share/texlive/texmf-dist/tex/generic/uniquecounter/uniquecounter.sty)))
(/usr/share/texlive/texmf-dist/tex/latex/oberdiek/aliascnt.sty)
(/usr/share/texlive/texmf-dist/tex/latex/cleveref/cleveref.sty)
(/usr/share/texlive/texmf-dist/tex/latex/xcolor/xcolor.sty
(/usr/share/texlive/texmf-dist/tex/latex/graphics-cfg/color.cfg)
(/usr/share/texlive/texmf-dist/tex/latex/graphics-def/pdftex.def)
(/usr/share/texlive/texmf-dist/tex/latex/graphics/mathcolor.ltx))
(/usr/share/texlive/texmf-dist/tex/latex/l3backend/l3backend-pdftex.def)
(./main.aux) (/usr/share/texlive/texmf-dist/tex/latex/amsfonts/umsa.fd)
(/usr/share/texlive/texmf-dist/tex/latex/amsfonts/umsb.fd)
*geometry* driver: auto-detecting
*geometry* detected driver: pdftex
(/usr/share/texlive/texmf-dist/tex/latex/microtype/mt-cmr.cfg) (./main.out)
(./main.out) (/usr/share/texlive/texmf-dist/tex/context/base/mkii/supp-pdf.mkii

[Loading MPS to PDF converter (version 2006.09.02).]
) (/usr/share/texlive/texmf-dist/tex/latex/microtype/mt-msa.cfg)
(/usr/share/texlive/texmf-dist/tex/latex/microtype/mt-msb.cfg)
(/usr/share/texlive/texmf-dist/tex/latex/amsfonts/ueuf.fd)
(/usr/share/texlive/texmf-dist/tex/latex/microtype/mt-euf.cfg)
Overfull \vbox (2.42233pt too high) has occurred while \output is active
[1{/var/lib/texmf/fonts/map/pdftex/updmap/pdftex.map}]
[2]
[3]
[4]
[5]
[6]
[7]
[8]
[9]
[10]
[11{/usr/share/texmf/fonts/enc/dvips/cm-super/cm-super-ts1.enc}]
[12]
[13]
[14]
[15]
[16]
[17]
[18]
[19]
[20]
[21]
[22]
[23]
[24]
[25]
[26]
[27]
[28]
[29]
[30]
[31]
Underfull \vbox (badness 1221) has occurred while \output is active
[32]
[33]
[34]
[35]
[36] (./main.aux) )
(see the transcript file for additional information)</usr/share/texlive/texmf-d
ist/fonts/type1/public/amsfonts/cm/cmbx10.pfb></usr/share/texlive/texmf-dist/fo
nts/type1/public/amsfonts/cm/cmbx9.pfb></usr/share/texlive/texmf-dist/fonts/typ
e1/public/amsfonts/cm/cmcsc10.pfb></usr/share/texlive/texmf-dist/fonts/type1/pu
blic/amsfonts/cm/cmex10.pfb></usr/share/texlive/texmf-dist/fonts/type1/public/a
msfonts/cm/cmmi10.pfb></usr/share/texlive/texmf-dist/fonts/type1/public/amsfont
s/cm/cmmi6.pfb></usr/share/texlive/texmf-dist/fonts/type1/public/amsfonts/cm/cm
mi8.pfb></usr/share/texlive/texmf-dist/fonts/type1/public/amsfonts/cm/cmmi9.pfb
></usr/share/texlive/texmf-dist/fonts/type1/public/amsfonts/cm/cmmib10.pfb></us
r/share/texlive/texmf-dist/fonts/type1/public/amsfonts/cm/cmr10.pfb></usr/share
/texlive/texmf-dist/fonts/type1/public/amsfonts/cm/cmr6.pfb></usr/share/texlive
/texmf-dist/fonts/type1/public/amsfonts/cm/cmr7.pfb></usr/share/texlive/texmf-d
ist/fonts/type1/public/amsfonts/cm/cmr8.pfb></usr/share/texlive/texmf-dist/font
s/type1/public/amsfonts/cm/cmr9.pfb></usr/share/texlive/texmf-dist/fonts/type1/
public/amsfonts/cm/cmsy10.pfb></usr/share/texlive/texmf-dist/fonts/type1/public
/amsfonts/cm/cmsy6.pfb></usr/share/texlive/texmf-dist/fonts/type1/public/amsfon
ts/cm/cmsy8.pfb></usr/share/texlive/texmf-dist/fonts/type1/public/amsfonts/cm/c
msy9.pfb></usr/share/texlive/texmf-dist/fonts/type1/public/amsfonts/cm/cmti10.p
fb></usr/share/texlive/texmf-dist/fonts/type1/public/amsfonts/cm/cmti9.pfb></us
r/share/texlive/texmf-dist/fonts/type1/public/amsfonts/cm/cmtt10.pfb></usr/shar
e/texlive/texmf-dist/fonts/type1/public/amsfonts/cm/cmtt9.pfb></usr/share/texli
ve/texmf-dist/fonts/type1/public/amsfonts/euler/eufm10.pfb></usr/share/texlive/
texmf-dist/fonts/type1/public/amsfonts/symbols/msam10.pfb></usr/share/texlive/t
exmf-dist/fonts/type1/public/amsfonts/symbols/msbm10.pfb></usr/share/texmf/font
s/type1/public/cm-super/sfrm1095.pfb>
Output written on main.pdf (36 pages, 564757 bytes).
Transcript written on main.log.
Latexmk: Getting log file 'main.log'
Latexmk: Examining 'main.fls'
Latexmk: Examining 'main.log'
Latexmk: Log file says output to 'main.pdf'
Latexmk: All targets (main.pdf) are up-to-date

PASS: all 130 compiled reference types agree with source environments.
Types: {'appendix': 1, 'corollary': 6, 'definition': 3, 'equation': 46, 'lemma': 16, 'proposition': 7, 'remark': 4, 'section': 11, 'subsection': 11, 'table': 2, 'theorem': 23}
All internal reference keys and bibliography citation keys resolve.

$ python3 src/test_reference_check.py
PASS: 7 negative reference regressions rejected (5 wrong types, missing, duplicate).

$ python3 src/check_certificate.py
PASS: 40320 permutations partitioned into 4755 classes
PASS: 24818 exact cluster/avoidance identities
PASS: refinement 1, 8, 256, 4210, 4751, 4755; all cutoffs and class sizes checked

$ python3 src/check_recount_records.py
PASS: 9510 retained row-level recount values; not a fresh enumeration
PASS: recorded source and certificate hashes match
PASS: 16 inherited n=13,14 values; inspected/comparison-checked, not freshly recounted

$ python3 src/check_component_records.py
PASS: 872 retained component rows, k=3, 2<=a<=6; all scopes, defects and cell totals checked
PASS: 152 retained component rows, k=4, 2<=a<=5; all scopes, defects and cell totals checked
The a=1 case is a simplex and is treated directly in the manuscript.

$ python3 src/compare_archive_S8.py
archived classes: 4755 present classes: 4755
archived representatives that are present representatives: 4755
classes with identical membership: 4755
certificate entries compared: 20063 mismatches: 0
per-pattern counts compared (all 40320 patterns, n=9..12): 161280 mismatches: 0

$ python3 src/check_monotone_coefficients.py --amax 12
{
  "status": "PASS",
  "amax": 12,
  "cluster_coefficient_comparisons": 126,
  "dimensions": "corner-removal recurrence",
  "values": [
    {
      "a": 1,
      "c_2a_plus_2": -24,
      "c_2a_plus_3": 120
    },
    {
      "a": 2,
      "c_2a_plus_2": 185,
      "c_2a_plus_3": -204
    },
    {
      "a": 3,
      "c_2a_plus_2": -2198,
      "c_2a_plus_3": 15064
    },
    {
      "a": 4,
      "c_2a_plus_2": 16800,
      "c_2a_plus_3": 9600
    },
    {
      "a": 5,
      "c_2a_plus_2": -187968,
      "c_2a_plus_3": 1839717
    },
    {
      "a": 6,
      "c_2a_plus_2": 1378234,
      "c_2a_plus_3": 7407400
    },
    {
      "a": 7,
      "c_2a_plus_2": -16352050,
      "c_2a_plus_3": 253624592
    },
    {
      "a": 8,
      "c_2a_plus_2": 107489096,
      "c_2a_plus_3": 1938145248
    },
    {
      "a": 9,
      "c_2a_plus_2": -1485427904,
      "c_2a_plus_3": 40144791440
    },
    {
      "a": 10,
      "c_2a_plus_2": 7602323092,
      "c_2a_plus_3": 424043387152
    },
    {
      "a": 11,
      "c_2a_plus_2": -145035222934,
      "c_2a_plus_3": 7105125543240
    },
    {
      "a": 12,
      "c_2a_plus_2": 385945246300,
      "c_2a_plus_3": 88502799670480
    }
  ],
  "direct_fredholm_cases": [
    {
      "a": 1,
      "p": 2,
      "first_theta_power": 4,
      "coefficient": "1/144",
      "tableau_square": 4
    },
    {
      "a": 2,
      "p": 2,
      "first_theta_power": 6,
      "coefficient": "1/20736",
      "tableau_square": 25
    },
    {
      "a": 1,
      "p": 3,
      "first_theta_power": 9,
      "coefficient": "1/74649600",
      "tableau_square": 1764
    }
  ]
}
